[app.durable.co/website-builder12b8.html]
[backblue.gif]
[fade.gif]
[index.html]
[cdn.durable.co/assets/durable-og-image-new.png]
[public.profitwell.com/js/profitwell.js]
[cdn.commoninja.com/sdk/latest/commonninja.js]
[app.durable.co/_next/static/css/7ca8fedf4efffd2f.css]
[app.durable.co/_next/static/chunks/webpack-d6389fd7c3eb7382.js]
[app.durable.co/_next/static/chunks/polyfills-c67a75d1b6f99dc8.js]
[app.durable.co/_next/static/chunks/framework-79bce4a3a540b080.js]
[app.durable.co/_next/static/chunks/main-da4f29df5f9655e1.js]
[app.durable.co/_next/static/chunks/pages/_app-10ec541b069f3527.js]
[app.durable.co/_next/static/chunks/94726e6d-f5320de901b4c44f.js]
[app.durable.co/_next/static/chunks/ea88be26-43b75960b55a0567.js]
[app.durable.co/_next/static/chunks/6814153d-5bb9a5e8c8ba3910.js]
[app.durable.co/_next/static/chunks/6440-273de7472dd35e6e.js]
[app.durable.co/_next/static/chunks/7333-eb417f889a822809.js]
[app.durable.co/_next/static/chunks/361-4e856494ee557889.js]
[app.durable.co/_next/static/chunks/9198-ca0de901c750d607.js]
[app.durable.co/_next/static/chunks/1033-9096c101d6a3d73f.js]
[app.durable.co/_next/static/chunks/9177-be980e1cc3bd0d7f.js]
[app.durable.co/_next/static/chunks/780-35238aa98829cf7b.js]
[app.durable.co/_next/static/chunks/3443-225ddc50c5367354.js]
[app.durable.co/_next/static/chunks/3752-24bee15cbb550d8d.js]
[app.durable.co/_next/static/chunks/9999-afe445d1ccfa08f8.js]
[app.durable.co/_next/static/chunks/4715-50adabbdfd1b91c9.js]
[app.durable.co/_next/static/chunks/7951-7852d0995f1ed29d.js]
[app.durable.co/_next/static/chunks/1125-4e96e3997bb541a1.js]
[app.durable.co/_next/static/chunks/9045-57d389e39828d94d.js]
[app.durable.co/_next/static/chunks/2073-75a84f7ab840c14d.js]
[app.durable.co/_next/static/chunks/4362-a28580ac72252703.js]
[app.durable.co/_next/static/chunks/4763-d6db3eec59ba7e1d.js]
[app.durable.co/_next/static/chunks/pages/website-builder-6b18a03162407793.js]
[app.durable.co/_next/static/k6FSZ70raLqrDHBSScXYS/_buildManifest.js]
[app.durable.co/_next/static/k6FSZ70raLqrDHBSScXYS/_ssgManifest.js]
[cdn.durable.co/assets/durable-icon-primary.svg]
[app.durable.co/website-builder12b8.html]
[www.googletagmanager.com/gtm5445.html]
[app.durable.co/_next/static/css/7ca8fedf4efffd2f.css]
[cdn.durable.co/assets/durable-icon-primary.svg]
